[androidvsios532379373.wordpress.com/index.html]
[backblue.gif]
[fade.gif]
[index.html]
[s1.wp.com/wp-content/themes/pub/varia/print9298.css]
[androidvsios532379373.wordpress.com/feed/index.html]
[androidvsios532379373.wordpress.com/comments/feed/index.html]
[androidvsios532379373.wordpress.com/xmlrpc0db0.php]
[androidvsios532379373.wordpress.com/osd.xml]
[androidvsios532379373.files.wordpress.com/2020/05/cropped-sofsofsfo-176ca.jpg]
[androidvsios532379373.files.wordpress.com/2020/05/cropped-sofsofsfo-19939.jpg]
[androidvsios532379373.files.wordpress.com/2020/05/cropped-sofsofsfo-1ad83.jpg]
[androidvsios532379373.files.wordpress.com/2020/05/tianyi-ma-wionhd_zyi4-unsplash.jpg]
[0.gravatar.com/js/gprofiles1baf.js]
[androidvsios532379373.wordpress.com/slicnosti-i-razlike/index.html]
[androidvsios532379373.wordpress.com/ios/index.html]
[androidvsios532379373.wordpress.com/blog-2/index.html]
[androidvsios532379373.wordpress.com/2020/05/20/uporedivanje-androida-i-ios-a/index.html]
[s1.wp.com/wp-content/mu-plugins/gravatar-hovercards/wpgrohoc3b6.js]
[androidvsios532379373.wordpress.com/2020/05/20/example-post-3/index.html]
[androidvsios532379373.wordpress.com/sve-objave/index.html]
[androidvsios532379373.wordpress.com/author/nikolijastanivukvoic/index.html]
[androidvsios532379373.wordpress.com/2020/05/20/69/index.html]
[androidvsios532379373.wordpress.com/2020/05/20/android-ili-ios/index.html]
[s0.wp.com/wp-includes/js/dist/vendor/wp-polyfill-fetch.min9853.js]
[androidvsios532379373.wordpress.com/category/android/index.html]
[androidvsios532379373.wordpress.com/category/android-i-ios/index.html]
[androidvsios532379373.wordpress.com/category/ios/index.html]
[androidvsios532379373.wordpress.com/category/sve-objave/index.html]
[s1.wp.com/wp-includes/js/dist/vendor/wp-polyfill-node-contains.minf99f.js]
[s0.wp.com/wp-includes/js/dist/vendor/wp-polyfill-dom-rect.min9c36.js]
[s2.wp.com/wp-includes/js/dist/vendor/wp-polyfill-url.min67f7.js]
[s1.wp.com/wp-includes/js/dist/vendor/wp-polyfill-formdata.min52a8.js]
[s2.wp.com/wp-includes/js/dist/vendor/wp-polyfill-element-closest.min5eac.js]
[s2.wp.com/wp-content/plugins/gutenberg-core/8.1.0-wpcom/vendor/wp-polyfill-url.min.7490158b43b8.js]
[s1.wp.com/wp-content/plugins/gutenberg-core/8.1.0-wpcom/vendor/wp-polyfill-dom-rect.7e21c103532b.js]
[stats.wp.com/w7f39.js]
[androidvsios532379373.wordpress.com/wp-content/plugins/ie-sitemode/custom-jumplist.php]
[pixel.wp.com/b0b80.gif]
[androidvsios532379373.wordpress.com/index.html]
[s1.wp.com/wp-content/themes/pub/varia/print9298.css]
[androidvsios532379373.files.wordpress.com/2020/05/iesyaiw-android-vs-apple-wallpaper.jpg]
[androidvsios532379373.wordpress.com/blog-2/index.html]
[androidvsios532379373.files.wordpress.com/2020/05/dmitry-chernyshov-mp7apsum7ae-unsplash.jpg]
[androidvsios532379373.wordpress.com/2020/05/20/aplikacije/index.html]
[androidvsios532379373.wordpress.com/2020/05/20/korisnicki-interfejs/index.html]
[androidvsios532379373.wordpress.com/2020/05/20/upravljanje-memorijom/index.html]
[androidvsios532379373.wordpress.com/ios/index.html]
[androidvsios532379373.wordpress.com/2020/05/20/multitasking/index.html]
[androidvsios532379373.wordpress.com/2020/05/20/pristupacnost-ios-a/index.html]
[androidvsios532379373.wordpress.com/2020/05/20/pocetni-ekran/index.html]
[androidvsios532379373.files.wordpress.com/2020/05/ai3nuwk-android-vs-apple-wallpaper.jpg]
[androidvsios532379373.wordpress.com/slicnosti-i-razlike/index.html]
[androidvsios532379373.files.wordpress.com/2020/05/social-media-1377018_1920-1.jpg]
[androidvsios532379373.wordpress.com/sve-objave/index.html]
[androidvsios532379373.wordpress.com/2020/05/20/interfejs/index.html]
[androidvsios532379373.wordpress.com/2020/05/20/aplikacije-dostupne-na-ios-u-i-androidu/index.html]
[androidvsios532379373.wordpress.com/2020/05/20/brzina/index.html]
[androidvsios532379373.wordpress.com/2020/05/20/nadogradnja-softvera/index.html]
[s0.wp.com/wp-content/mu-plugins/highlander-comments/style6f5b.css]
[androidvsios532379373.files.wordpress.com/2020/05/2020-05-20-3a982.png]
[androidvsios532379373.wordpress.com/2020/05/20/uporedivanje-androida-i-ios-a/feed/index.html]
[androidvsios532379373.files.wordpress.com/2020/05/2020-05-20-2-18e1a.png]
[androidvsios532379373.wordpress.com/2020/05/20/uporedivanje-androida-i-ios-a/amp/index.html]
[androidvsios532379373.wordpress.com/2020/05/20/uporedivanje-androida-i-ios-a/index.html]
[s0.wp.com/wp-content/mu-plugins/carousel/jetpack-carouseleced.css]
[s0.wp.com/_static/indexa85c.html]
[androidvsios532379373.files.wordpress.com/2020/05/iphone-563071_1920-1.jpg]
[androidvsios532379373.files.wordpress.com/2020/05/apple-1839363_19202dff.jpg]
[androidvsios532379373.wordpress.com/2020/05/20/example-post-3/index.html]
[androidvsios532379373.wordpress.com/2020/05/20/example-post-3/feed/index.html]
[androidvsios532379373.wordpress.com/2020/05/20/example-post-2/index.html]
[androidvsios532379373.wordpress.com/2020/05/20/example-post-3/amp/index.html]
[androidvsios532379373.wordpress.com/author/nikolijastanivukvoic/index.html]
[androidvsios532379373.wordpress.com/author/nikolijastanivukvoic/feed/index.html]
[s0.wp.com/wp-content/themes/h4/global21a2.css]
[androidvsios532379373.files.wordpress.com/2020/05/android-3979307_1920.jpg]
[androidvsios532379373.wordpress.com/author/nikolijastanivukvoic/page/2/index.html]
[androidvsios532379373.files.wordpress.com/2020/05/android-994910_1920.212dff.delayed]
[androidvsios532379373.wordpress.com/2020/05/20/69/index.html]
[androidvsios532379373.wordpress.com/2020/05/20/69/feed/index.html]
[androidvsios532379373.wordpress.com/2020/05/20/69/amp/index.html]
[androidvsios532379373.files.wordpress.com/2020/05/ai3nuwk-android-vs-apple-wallpaper-2.jpg]
[androidvsios532379373.wordpress.com/2020/05/20/android-ili-ios/feed/index.html]
[androidvsios532379373.wordpress.com/2020/05/20/android-ili-ios/amp/index.html]
[androidvsios532379373.files.wordpress.com/2020/05/iesyaiw-android-vs-apple-wallpaper-22dff.jpg]
[androidvsios532379373.wordpress.com/2020/05/20/android-ili-ios/index.html]
[androidvsios532379373.wordpress.com/category/android/index.html]
[androidvsios532379373.wordpress.com/category/android-i-ios/index.html]
[androidvsios532379373.wordpress.com/category/android/feed/index.html]
[androidvsios532379373.wordpress.com/category/ios/index.html]
[androidvsios532379373.wordpress.com/category/android-i-ios/feed/index.html]
[androidvsios532379373.wordpress.com/category/sve-objave/index.html]
[s1.wp.com/wp-content/mu-plugins/gravatar-hovercards/wpgrohoc3b6.js]
[s0.wp.com/wp-includes/js/dist/vendor/wp-polyfill-fetch.min9853.js]
[s2.wp.com/wp-includes/js/dist/vendor/wp-polyfill-element-closest.min5eac.js]
[androidvsios532379373.wordpress.com/category/sve-objave/page/2/index.html]
[androidvsios532379373.wordpress.com/category/ios/feed/index.html]
[androidvsios532379373.wordpress.com/category/sve-objave/feed/index.html]
[androidvsios532379373.files.wordpress.com/2020/05/korisnicki-interfejs.jpg]
[androidvsios532379373.wordpress.com/2020/05/20/korisnicki-interfejs/feed/index.html]
[androidvsios532379373.wordpress.com/2020/05/20/korisnicki-interfejs/amp/index.html]
[androidvsios532379373.files.wordpress.com/2020/05/samsung-5188631_19202dff.jpg]
[androidvsios532379373.wordpress.com/2020/05/20/korisnicki-interfejs/index.html]
[androidvsios532379373.files.wordpress.com/2020/05/social-media-1377018_1920.jpg]
[androidvsios532379373.wordpress.com/2020/05/20/aplikacije/feed/index.html]
[androidvsios532379373.wordpress.com/2020/05/20/aplikacije/amp/index.html]
[androidvsios532379373.files.wordpress.com/2020/05/ipad-605439_19202dff.jpg]
[androidvsios532379373.wordpress.com/2020/05/20/aplikacije/index.html]
[androidvsios532379373.files.wordpress.com/2020/05/313695.jpg]
[androidvsios532379373.wordpress.com/2020/05/20/upravljanje-memorijom/feed/index.html]
[androidvsios532379373.wordpress.com/2020/05/20/upravljanje-memorijom/amp/index.html]
[androidvsios532379373.files.wordpress.com/2020/05/android-199225_12802dff.jpg]
[androidvsios532379373.wordpress.com/2020/05/20/upravljanje-memorijom/index.html]
[androidvsios532379373.files.wordpress.com/2020/05/iphone-563071_1920.jpg]
[androidvsios532379373.wordpress.com/2020/05/20/pocetni-ekran/amp/index.html]
[androidvsios532379373.wordpress.com/2020/05/20/pocetni-ekran/feed/index.html]
[androidvsios532379373.files.wordpress.com/2020/05/arnel-hasanovic-4owsxdeas2g-unsplash2dff.jpg]
[androidvsios532379373.wordpress.com/2020/05/20/pocetni-ekran/index.html]
[androidvsios532379373.files.wordpress.com/2020/05/sara-kurfess-yddmirck34i-unsplash.jpg]
[androidvsios532379373.wordpress.com/2020/05/20/pristupacnost-ios-a/feed/index.html]
[androidvsios532379373.wordpress.com/2020/05/20/pristupacnost-ios-a/amp/index.html]
[androidvsios532379373.files.wordpress.com/2020/05/przemyslaw-marczynski-ocfksnqz0si-unsplash2dff.jpg]
[androidvsios532379373.wordpress.com/2020/05/20/pristupacnost-ios-a/index.html]
[androidvsios532379373.files.wordpress.com/2020/05/wesson-wang-y0_vfxohayg-unsplash.jpg]
[androidvsios532379373.wordpress.com/2020/05/20/multitasking/feed/index.html]
[androidvsios532379373.wordpress.com/2020/05/20/multitasking/amp/index.html]
[androidvsios532379373.files.wordpress.com/2020/05/drew-coffman-k1mxhtd6sko-unsplash2dff.jpg]
[androidvsios532379373.wordpress.com/2020/05/20/multitasking/index.html]
[androidvsios532379373.wordpress.com/ios/index9a7b.html]
[androidvsios532379373.wordpress.com/ios/index5a58.html]
[androidvsios532379373.files.wordpress.com/2020/05/rami-al-zayat-w33-zg-dnl4-unsplash.jpg]
[androidvsios532379373.wordpress.com/2020/05/20/interfejs/feed/index.html]
[androidvsios532379373.wordpress.com/2020/05/20/interfejs/amp/index.html]
[androidvsios532379373.files.wordpress.com/2020/05/tablet-1442900_19202dff.jpg]
[androidvsios532379373.wordpress.com/2020/05/20/interfejs/index.html]
[androidvsios532379373.files.wordpress.com/2020/05/313703.jpg]
[androidvsios532379373.wordpress.com/2020/05/20/aplikacije-dostupne-na-ios-u-i-androidu/feed/index.html]
[androidvsios532379373.files.wordpress.com/2020/05/mark-s-01votcideww-unsplash2dff.jpg]
[androidvsios532379373.wordpress.com/2020/05/20/aplikacije-dostupne-na-ios-u-i-androidu/amp/index.html]
[androidvsios532379373.files.wordpress.com/2020/05/rami-al-zayat-w33-zg-dnl4-unsplash-12dff.jpg]
[androidvsios532379373.wordpress.com/2020/05/20/aplikacije-dostupne-na-ios-u-i-androidu/index.html]
[androidvsios532379373.files.wordpress.com/2020/05/iesyaiw-android-vs-apple-wallpaper-1.jpg]
[androidvsios532379373.wordpress.com/2020/05/20/brzina/feed/index.html]
[androidvsios532379373.wordpress.com/2020/05/20/brzina/amp/index.html]
[androidvsios532379373.files.wordpress.com/2020/05/julian-o-hayon-bs-zngh79ds-unsplash3f4d.jpg]
[androidvsios532379373.files.wordpress.com/2020/05/smart-watch-821559_19202dff.jpg]
[androidvsios532379373.wordpress.com/2020/05/20/brzina/index.html]
[androidvsios532379373.files.wordpress.com/2020/05/medhat-dawoud-f-3muxfly2o-unsplash.jpg]
[androidvsios532379373.wordpress.com/2020/05/20/nadogradnja-softvera/feed/index.html]
[androidvsios532379373.wordpress.com/2020/05/20/nadogradnja-softvera/amp/index.html]
[androidvsios532379373.files.wordpress.com/2020/05/hal-gatewood-wcyeihmexr0-unsplash2dff.jpg]
[androidvsios532379373.files.wordpress.com/2020/05/daniel-romero-0d4mqtdgnhs-unsplash2dff.jpg]
[androidvsios532379373.wordpress.com/2020/05/20/nadogradnja-softvera/index.html]
[androidvsios532379373.wordpress.com/slicnosti-i-razlike/index9a7b.html]
[androidvsios532379373.wordpress.com/slicnosti-i-razlike/index5a58.html]
[androidvsios532379373.wordpress.com/sve-objave/index9a7b.html]
[androidvsios532379373.wordpress.com/sve-objave/index5a58.html]
[s0.wp.com/wp-content/mu-plugins/highlander-comments/images/postto-buttons.png]
[s0.wp.com/wp-content/mu-plugins/highlander-comments/images/button-back.gif]
[s0.wp.com/wp-content/mu-plugins/highlander-comments/images/button-back-over.gif]
[s0.wp.com/wp-content/mu-plugins/highlander-comments/images/loader.gif]
[s0.wp.com/wp-content/mu-plugins/highlander-comments/style6f5b.css]
[androidvsios532379373.wordpress.com/xmlrpc.php]
[androidvsios532379373.files.wordpress.com/2020/05/2020-05-20-2-1.png]
[androidvsios532379373.files.wordpress.com/2020/05/2020-05-20-373d9.png]
[cdn.ampproject.org/v0.js]
[cdn.ampproject.org/v0/amp-carousel-0.1.js]
[cdn.ampproject.org/v0/amp-social-share-0.1.js]
[cdn.ampproject.org/v0/amp-image-lightbox-0.1.js]
[s2.wp.com/wp-content/plugins/amp-1.4/assets/images/placeholder-icon.png]
[pixel.wp.com/bbf84.gif]
[pixel.wp.com/bd6b8.gif]
[androidvsios532379373.wordpress.com/2020/05/20/uporedivanje-androida-i-ios-a/amp/index.html]
[androidvsios532379373.wordpress.com/2020/05/20/uporedivanje-androida-i-ios-a/index9a7b.html]
[androidvsios532379373.wordpress.com/2020/05/20/uporedivanje-androida-i-ios-a/index5a58.html]
[s0.wp.com/_static/indexa85c.html]
[s0.wp.com/wp-content/mu-plugins/carousel/images/arrows.png]
[s0.wp.com/wp-content/mu-plugins/carousel/images/arrows-2x.png]
[s0.wp.com/wp-content/mu-plugins/carousel/images/carousel-spritee4da.png]
[s0.wp.com/wp-content/mu-plugins/carousel/images/carousel-sprite-2xe4da.png]
[s0.wp.com/wp-content/mu-plugins/carousel/jetpack-carouseleced.css]
[androidvsios532379373.wordpress.com/2020/05/20/example-post-2/index.html]
[androidvsios532379373.files.wordpress.com/2020/05/apple-1839363_1920.jpg]
[androidvsios532379373.wordpress.com/2020/05/20/example-post-2/feed/index.html]
[androidvsios532379373.wordpress.com/2020/05/20/example-post/index.html]
[androidvsios532379373.files.wordpress.com/2020/05/apple-1839363_192073d9.jpg]
[androidvsios532379373.wordpress.com/2020/05/20/example-post-2/amp/index.html]
[pixel.wp.com/bc0f9.gif]
[pixel.wp.com/b9946.gif]
[androidvsios532379373.wordpress.com/2020/05/20/example-post-3/amp/index.html]
[s0.wp.com/wp-content/themes/h4/global21a2.css]
[androidvsios532379373.wordpress.com/author/nikolijastanivukvoic/page/2/index.html]
[androidvsios532379373.files.wordpress.com/2020/05/android-994910_1920.jpg]
[androidvsios532379373.files.wordpress.com/2020/05/android-994910_192073d9.jpg]
[pixel.wp.com/ba15e.gif]
[pixel.wp.com/b3705.gif]
[androidvsios532379373.wordpress.com/2020/05/20/69/amp/index.html]
[androidvsios532379373.wordpress.com/2020/05/20/69/index9a7b.html]
[androidvsios532379373.wordpress.com/2020/05/20/69/index5a58.html]
[androidvsios532379373.files.wordpress.com/2020/05/iesyaiw-android-vs-apple-wallpaper-2.jpg]
[androidvsios532379373.files.wordpress.com/2020/05/iesyaiw-android-vs-apple-wallpaper-273d9.jpg]
[pixel.wp.com/b12a6.gif]
[pixel.wp.com/b741c.gif]
[androidvsios532379373.wordpress.com/2020/05/20/android-ili-ios/amp/index.html]
[androidvsios532379373.wordpress.com/2020/05/20/android-ili-ios/index9a7b.html]
[androidvsios532379373.wordpress.com/2020/05/20/android-ili-ios/index5a58.html]
[androidvsios532379373.wordpress.com/category/sve-objave/page/2/index.html]
[androidvsios532379373.files.wordpress.com/2020/05/samsung-5188631_1920.jpg]
[androidvsios532379373.files.wordpress.com/2020/05/samsung-5188631_192073d9.jpg]
[pixel.wp.com/b1ff1.gif]
[pixel.wp.com/b522d.gif]
[androidvsios532379373.wordpress.com/2020/05/20/korisnicki-interfejs/amp/index.html]
[androidvsios532379373.wordpress.com/2020/05/20/korisnicki-interfejs/index9a7b.html]
[androidvsios532379373.wordpress.com/2020/05/20/korisnicki-interfejs/index5a58.html]
[androidvsios532379373.files.wordpress.com/2020/05/ipad-605439_1920.jpg]
[androidvsios532379373.files.wordpress.com/2020/05/ipad-605439_192073d9.jpg]
[pixel.wp.com/b0e12.gif]
[pixel.wp.com/bde80.gif]
[androidvsios532379373.wordpress.com/2020/05/20/aplikacije/amp/index.html]
[androidvsios532379373.wordpress.com/2020/05/20/aplikacije/index9a7b.html]
[androidvsios532379373.wordpress.com/2020/05/20/aplikacije/index5a58.html]
[androidvsios532379373.files.wordpress.com/2020/05/android-199225_1280.jpg]
[androidvsios532379373.files.wordpress.com/2020/05/android-199225_128073d9.jpg]
[pixel.wp.com/b9d31.gif]
[pixel.wp.com/baa32.gif]
[androidvsios532379373.wordpress.com/2020/05/20/upravljanje-memorijom/amp/index.html]
[androidvsios532379373.wordpress.com/2020/05/20/upravljanje-memorijom/index9a7b.html]
[androidvsios532379373.wordpress.com/2020/05/20/upravljanje-memorijom/index5a58.html]
[androidvsios532379373.files.wordpress.com/2020/05/arnel-hasanovic-4owsxdeas2g-unsplash.jpg]
[pixel.wp.com/bbf5b.gif]
[pixel.wp.com/b024c.gif]
[androidvsios532379373.wordpress.com/2020/05/20/pocetni-ekran/amp/index.html]
[androidvsios532379373.wordpress.com/2020/05/20/pocetni-ekran/index9a7b.html]
[androidvsios532379373.wordpress.com/2020/05/20/pocetni-ekran/index5a58.html]
[androidvsios532379373.files.wordpress.com/2020/05/przemyslaw-marczynski-ocfksnqz0si-unsplash.jpg]
[pixel.wp.com/b94e2.gif]
[pixel.wp.com/b12ec.gif]
[androidvsios532379373.wordpress.com/2020/05/20/pristupacnost-ios-a/amp/index.html]
[androidvsios532379373.wordpress.com/2020/05/20/pristupacnost-ios-a/index9a7b.html]
[androidvsios532379373.wordpress.com/2020/05/20/pristupacnost-ios-a/index5a58.html]
[androidvsios532379373.files.wordpress.com/2020/05/drew-coffman-k1mxhtd6sko-unsplash.jpg]
[pixel.wp.com/b16dd.gif]
[pixel.wp.com/b1c75.gif]
[androidvsios532379373.wordpress.com/2020/05/20/multitasking/amp/index.html]
[androidvsios532379373.wordpress.com/2020/05/20/multitasking/index9a7b.html]
[androidvsios532379373.wordpress.com/2020/05/20/multitasking/index5a58.html]
[androidvsios532379373.files.wordpress.com/2020/05/tablet-1442900_1920.jpg]
[androidvsios532379373.files.wordpress.com/2020/05/tablet-1442900_192073d9.jpg]
[pixel.wp.com/bb490.gif]
[pixel.wp.com/b449d.gif]
[androidvsios532379373.wordpress.com/2020/05/20/interfejs/amp/index.html]
[androidvsios532379373.wordpress.com/2020/05/20/interfejs/index9a7b.html]
[androidvsios532379373.wordpress.com/2020/05/20/interfejs/index5a58.html]
[androidvsios532379373.files.wordpress.com/2020/05/rami-al-zayat-w33-zg-dnl4-unsplash-1.jpg]
[pixel.wp.com/ba5a7.gif]
[pixel.wp.com/b9daa.gif]
[androidvsios532379373.wordpress.com/2020/05/20/aplikacije-dostupne-na-ios-u-i-androidu/amp/index.html]
[androidvsios532379373.wordpress.com/2020/05/20/aplikacije-dostupne-na-ios-u-i-androidu/index9a7b.html]
[androidvsios532379373.wordpress.com/2020/05/20/aplikacije-dostupne-na-ios-u-i-androidu/index5a58.html]
[androidvsios532379373.files.wordpress.com/2020/05/smart-watch-821559_1920.jpg]
[pixel.wp.com/bba60.gif]
[pixel.wp.com/be063.gif]
[androidvsios532379373.wordpress.com/2020/05/20/brzina/amp/index.html]
[androidvsios532379373.wordpress.com/2020/05/20/brzina/index9a7b.html]
[androidvsios532379373.wordpress.com/2020/05/20/brzina/index5a58.html]
[androidvsios532379373.files.wordpress.com/2020/05/daniel-romero-0d4mqtdgnhs-unsplash.jpg]
[pixel.wp.com/be1fd.gif]
[pixel.wp.com/b60e0.gif]
[androidvsios532379373.wordpress.com/2020/05/20/nadogradnja-softvera/amp/index.html]
[androidvsios532379373.wordpress.com/2020/05/20/nadogradnja-softvera/index9a7b.html]
[androidvsios532379373.wordpress.com/2020/05/20/nadogradnja-softvera/index5a58.html]
[androidvsios532379373.wordpress.com/2020/05/20/example-post/index.html]
[androidvsios532379373.files.wordpress.com/2020/05/cropped-sofsofsfo-1ebf4.jpg]
[androidvsios532379373.files.wordpress.com/2020/05/cropped-sofsofsfo-1d209.jpg]
[androidvsios532379373.wordpress.com/2020/05/20/example-post/feed/index.html]
[androidvsios532379373.wordpress.com/2020/05/20/example-post/amp/index.html]
[pixel.wp.com/bedfa.gif]
[androidvsios532379373.wordpress.com/2020/05/20/example-post-2/amp/index.html]
[pixel.wp.com/b310d.gif]
[pixel.wp.com/bbb9d.gif]
[androidvsios532379373.wordpress.com/2020/05/20/example-post/amp/index.html]
[pixel.wp.com/b934d.gif]
